---
source: tests/convert.rs
expression: code
---
import { createVNode, createStaticVNode, mergeProps, resolveComponent, withDirectives, vModelText, Fragment } from "vue";
const _hoisted_ = createStaticVNode("", 0), _hoisted_1 = createStaticVNode("123", 1), _hoisted_2 = [
    "frg"
], _hoisted_3 = createStaticVNode("<span ></span><span ></span><span ></span><span ></span><div ></div><div ></div>", 6), _hoisted_4 = [
    "clalang"
], _hoisted_5 = createVNode("div", null, null, -1);
const app = (()=>{
    const _v = resolveComponent("A");
    return createVNode(Fragment, null, [
        _hoisted_,
        withDirectives(createVNode("div", mergeProps(c, {
            clalang: a,
            "onUpdate:modelValue": ($v)=>b = $v
        }), [
            _hoisted_,
            createVNode(_v, null, null),
            _hoisted_1,
            d,
            _hoisted_,
            ...e,
            _hoisted_,
            createVNode("div", {
                frg: _hoisted_5
            }, null, 8, _hoisted_2),
            _hoisted_3
        ], 536, _hoisted_4), [
            [
                vModelText,
                b
            ]
        ]),
        _hoisted_
    ]);
})();

