// Vitest Snapshot v1

exports[`SWC Plugin Vue JSX > hello world 1`] = `
{
  "code": "import { createTextVNode, createElementVNode } from \\"vue\\";
const _hoisted_ = createTextVNode(\\"Hello World\\"), _hoisted_1 = createElementVNode(\\"h1\\", null, [
    _hoisted_
], -1);
const App = _hoisted_1;
",
}
`;
